exports[`test can render the searchbar 1`] = `
"<div class=\"search-form\">
  <div class=\"search-input\">
    <input type=\"text\"><span><input type=\"checkbox\" id=
    \"exactSearch\"><label for=\"exactSearch\">exact
    name</label></span>
  </div><button class=\"search-submit\">Search</button>
</div>
"
`;
